bringing up nodes...
bringing up nodes...

........................................................................ [  3%]
........................................................................ [  7%]
........................................................................ [ 11%]
........................................................................ [ 14%]
........................................................................ [ 18%]
........................................................................ [ 22%]
........................................................................ [ 25%]
........................................................................ [ 29%]
........................................................................ [ 33%]
........................................................................ [ 36%]
........................................................................ [ 40%]
........................................................................ [ 44%]
........................................................................ [ 47%]
....................ss.................................................. [ 51%]
........................................................................ [ 55%]
........................................................................ [ 58%]
........................................................................ [ 62%]
........................................................................ [ 66%]
........................................................................ [ 69%]
........................................................................ [ 73%]
........................................................................ [ 77%]
........................................................................ [ 80%]
........................................................................ [ 84%]
........................................................................ [ 88%]
........................................................................ [ 91%]
........................................................................ [ 95%]
........................................................................ [ 99%]
..................                                                       [100%]
=============================== warnings summary ===============================
tests/test_llm_environment_and_fallback.py::TestDetectionNeverRaises::test_full_detect_environment_returns_all_slots
  /home/corio/Morgoth/morgoth/.venv/lib/python3.12/site-packages/pytest_socket/__init__.py:138: UserWarning: A test tried to use socket.socket.
    raise SocketBlockedError()

-- Docs: https://docs.pytest.org/en/stable/how-to/capture-warnings.html
1960 passed, 2 skipped, 1 warning in 31.97s
copying tree → /tmp/morgoth_test_b0dj28i6

═══ morgoth test: wall=33.8s  exit=0 ═══
